PHPUnit 11.5.55 by Sebastian Bergmann and contributors.

Runtime:       PHP 8.4.16
Configuration: /home/leonardo/Trabajos/Inventra/inventra-app-backend/phpunit.xml

EEEEEE                                                              6 / 6 (100%)

Time: 00:00.667, Memory: 40.50 MB

There were 6 errors:

1) Tests\Feature\RbacTest::a_user_has_permissions_via_role
Illuminate\Database\QueryException: SQLSTATE[HY000]: General error: 1 unrecognized token: ":" (Connection: sqlite, Database: :memory:, SQL: UPDATE referral_agents SET agent_type_id = type::varchar)

/home/leonardo/Trabajos/Inventra/inventra-app-backend/vendor/laravel/framework/src/Illuminate/Database/Connection.php:838
/home/leonardo/Trabajos/Inventra/inventra-app-backend/vendor/laravel/framework/src/Illuminate/Database/Connection.php:794
/home/leonardo/Trabajos/Inventra/inventra-app-backend/vendor/laravel/framework/src/Illuminate/Database/Connection.php:573
/home/leonardo/Trabajos/Inventra/inventra-app-backend/vendor/laravel/framework/src/Illuminate/Database/DatabaseManager.php:491
/home/leonardo/Trabajos/Inventra/inventra-app-backend/vendor/laravel/framework/src/Illuminate/Support/Facades/Facade.php:363
/home/leonardo/Trabajos/Inventra/inventra-app-backend/database/migrations/2026_03_17_150933_create_agent_types_table.php:30
/home/leonardo/Trabajos/Inventra/inventra-app-backend/vendor/laravel/framework/src/Illuminate/Database/Migrations/Migrator.php:517
/home/leonardo/Trabajos/Inventra/inventra-app-backend/vendor/laravel/framework/src/Illuminate/Database/Migrations/Migrator.php:442
/home/leonardo/Trabajos/Inventra/inventra-app-backend/vendor/laravel/framework/src/Illuminate/Database/Migrations/Migrator.php:451
/home/leonardo/Trabajos/Inventra/inventra-app-backend/vendor/laravel/framework/src/Illuminate/Database/Migrations/Migrator.php:253
/home/leonardo/Trabajos/Inventra/inventra-app-backend/vendor/laravel/framework/src/Illuminate/Console/View/Components/Task.php:41
/home/leonardo/Trabajos/Inventra/inventra-app-backend/vendor/laravel/framework/src/Illuminate/Database/Migrations/Migrator.php:814
/home/leonardo/Trabajos/Inventra/inventra-app-backend/vendor/laravel/framework/src/Illuminate/Database/Migrations/Migrator.php:253
/home/leonardo/Trabajos/Inventra/inventra-app-backend/vendor/laravel/framework/src/Illuminate/Database/Migrations/Migrator.php:211
/home/leonardo/Trabajos/Inventra/inventra-app-backend/vendor/laravel/framework/src/Illuminate/Database/Migrations/Migrator.php:138
/home/leonardo/Trabajos/Inventra/inventra-app-backend/vendor/laravel/framework/src/Illuminate/Database/Console/Migrations/MigrateCommand.php:116
/home/leonardo/Trabajos/Inventra/inventra-app-backend/vendor/laravel/framework/src/Illuminate/Database/Migrations/Migrator.php:671
/home/leonardo/Trabajos/Inventra/inventra-app-backend/vendor/laravel/framework/src/Illuminate/Database/Console/Migrations/MigrateCommand.php:109
/home/leonardo/Trabajos/Inventra/inventra-app-backend/vendor/laravel/framework/src/Illuminate/Database/Console/Migrations/MigrateCommand.php:88
/home/leonardo/Trabajos/Inventra/inventra-app-backend/vendor/laravel/framework/src/Illuminate/Container/BoundMethod.php:36
/home/leonardo/Trabajos/Inventra/inventra-app-backend/vendor/laravel/framework/src/Illuminate/Container/Util.php:43
/home/leonardo/Trabajos/Inventra/inventra-app-backend/vendor/laravel/framework/src/Illuminate/Container/BoundMethod.php:96
/home/leonardo/Trabajos/Inventra/inventra-app-backend/vendor/laravel/framework/src/Illuminate/Container/BoundMethod.php:35
/home/leonardo/Trabajos/Inventra/inventra-app-backend/vendor/laravel/framework/src/Illuminate/Container/Container.php:799
/home/leonardo/Trabajos/Inventra/inventra-app-backend/vendor/laravel/framework/src/Illuminate/Console/Command.php:211
/home/leonardo/Trabajos/Inventra/inventra-app-backend/vendor/symfony/console/Command/Command.php:341
/home/leonardo/Trabajos/Inventra/inventra-app-backend/vendor/laravel/framework/src/Illuminate/Console/Command.php:180
/home/leonardo/Trabajos/Inventra/inventra-app-backend/vendor/laravel/framework/src/Illuminate/Console/Concerns/CallsCommands.php:68
/home/leonardo/Trabajos/Inventra/inventra-app-backend/vendor/laravel/framework/src/Illuminate/Console/Concerns/CallsCommands.php:29
/home/leonardo/Trabajos/Inventra/inventra-app-backend/vendor/laravel/framework/src/Illuminate/Database/Console/Migrations/FreshCommand.php:88
/home/leonardo/Trabajos/Inventra/inventra-app-backend/vendor/laravel/framework/src/Illuminate/Container/BoundMethod.php:36
/home/leonardo/Trabajos/Inventra/inventra-app-backend/vendor/laravel/framework/src/Illuminate/Container/Util.php:43
/home/leonardo/Trabajos/Inventra/inventra-app-backend/vendor/laravel/framework/src/Illuminate/Container/BoundMethod.php:96
/home/leonardo/Trabajos/Inventra/inventra-app-backend/vendor/laravel/framework/src/Illuminate/Container/BoundMethod.php:35
/home/leonardo/Trabajos/Inventra/inventra-app-backend/vendor/laravel/framework/src/Illuminate/Container/Container.php:799
/home/leonardo/Trabajos/Inventra/inventra-app-backend/vendor/laravel/framework/src/Illuminate/Console/Command.php:211
/home/leonardo/Trabajos/Inventra/inventra-app-backend/vendor/symfony/console/Command/Command.php:341
/home/leonardo/Trabajos/Inventra/inventra-app-backend/vendor/laravel/framework/src/Illuminate/Console/Command.php:180
/home/leonardo/Trabajos/Inventra/inventra-app-backend/vendor/symfony/console/Application.php:1094
/home/leonardo/Trabajos/Inventra/inventra-app-backend/vendor/symfony/console/Application.php:356
/home/leonardo/Trabajos/Inventra/inventra-app-backend/vendor/symfony/console/Application.php:195
/home/leonardo/Trabajos/Inventra/inventra-app-backend/vendor/laravel/framework/src/Illuminate/Console/Application.php:165
/home/leonardo/Trabajos/Inventra/inventra-app-backend/vendor/laravel/framework/src/Illuminate/Foundation/Console/Kernel.php:447
/home/leonardo/Trabajos/Inventra/inventra-app-backend/vendor/laravel/framework/src/Illuminate/Testing/PendingCommand.php:451
/home/leonardo/Trabajos/Inventra/inventra-app-backend/vendor/laravel/framework/src/Illuminate/Testing/PendingCommand.php:675
/home/leonardo/Trabajos/Inventra/inventra-app-backend/vendor/laravel/framework/src/Illuminate/Foundation/Testing/Concerns/InteractsWithConsole.php:87
/home/leonardo/Trabajos/Inventra/inventra-app-backend/vendor/laravel/framework/src/Illuminate/Foundation/Testing/RefreshDatabase.php:119
/home/leonardo/Trabajos/Inventra/inventra-app-backend/vendor/laravel/framework/src/Illuminate/Foundation/Testing/RefreshDatabase.php:84
/home/leonardo/Trabajos/Inventra/inventra-app-backend/vendor/laravel/framework/src/Illuminate/Foundation/Testing/RefreshDatabase.php:25
/home/leonardo/Trabajos/Inventra/inventra-app-backend/vendor/laravel/framework/src/Illuminate/Foundation/Testing/Concerns/InteractsWithTestCaseLifecycle.php:217
/home/leonardo/Trabajos/Inventra/inventra-app-backend/vendor/laravel/framework/src/Illuminate/Foundation/Testing/Concerns/InteractsWithTestCaseLifecycle.php:101
/home/leonardo/Trabajos/Inventra/inventra-app-backend/vendor/laravel/framework/src/Illuminate/Foundation/Testing/TestCase.php:63
/home/leonardo/Trabajos/Inventra/inventra-app-backend/tests/Feature/RbacTest.php:20

Caused by
PDOException: SQLSTATE[HY000]: General error: 1 unrecognized token: ":"

/home/leonardo/Trabajos/Inventra/inventra-app-backend/vendor/laravel/framework/src/Illuminate/Database/Connection.php:578
/home/leonardo/Trabajos/Inventra/inventra-app-backend/vendor/laravel/framework/src/Illuminate/Database/Connection.php:827
/home/leonardo/Trabajos/Inventra/inventra-app-backend/vendor/laravel/framework/src/Illuminate/Database/Connection.php:794
/home/leonardo/Trabajos/Inventra/inventra-app-backend/vendor/laravel/framework/src/Illuminate/Database/Connection.php:573
/home/leonardo/Trabajos/Inventra/inventra-app-backend/vendor/laravel/framework/src/Illuminate/Database/DatabaseManager.php:491
/home/leonardo/Trabajos/Inventra/inventra-app-backend/vendor/laravel/framework/src/Illuminate/Support/Facades/Facade.php:363
/home/leonardo/Trabajos/Inventra/inventra-app-backend/database/migrations/2026_03_17_150933_create_agent_types_table.php:30
/home/leonardo/Trabajos/Inventra/inventra-app-backend/vendor/laravel/framework/src/Illuminate/Database/Migrations/Migrator.php:517
/home/leonardo/Trabajos/Inventra/inventra-app-backend/vendor/laravel/framework/src/Illuminate/Database/Migrations/Migrator.php:442
/home/leonardo/Trabajos/Inventra/inventra-app-backend/vendor/laravel/framework/src/Illuminate/Database/Migrations/Migrator.php:451
/home/leonardo/Trabajos/Inventra/inventra-app-backend/vendor/laravel/framework/src/Illuminate/Database/Migrations/Migrator.php:253
/home/leonardo/Trabajos/Inventra/inventra-app-backend/vendor/laravel/framework/src/Illuminate/Console/View/Components/Task.php:41
/home/leonardo/Trabajos/Inventra/inventra-app-backend/vendor/laravel/framework/src/Illuminate/Database/Migrations/Migrator.php:814
/home/leonardo/Trabajos/Inventra/inventra-app-backend/vendor/laravel/framework/src/Illuminate/Database/Migrations/Migrator.php:253
/home/leonardo/Trabajos/Inventra/inventra-app-backend/vendor/laravel/framework/src/Illuminate/Database/Migrations/Migrator.php:211
/home/leonardo/Trabajos/Inventra/inventra-app-backend/vendor/laravel/framework/src/Illuminate/Database/Migrations/Migrator.php:138
/home/leonardo/Trabajos/Inventra/inventra-app-backend/vendor/laravel/framework/src/Illuminate/Database/Console/Migrations/MigrateCommand.php:116
/home/leonardo/Trabajos/Inventra/inventra-app-backend/vendor/laravel/framework/src/Illuminate/Database/Migrations/Migrator.php:671
/home/leonardo/Trabajos/Inventra/inventra-app-backend/vendor/laravel/framework/src/Illuminate/Database/Console/Migrations/MigrateCommand.php:109
/home/leonardo/Trabajos/Inventra/inventra-app-backend/vendor/laravel/framework/src/Illuminate/Database/Console/Migrations/MigrateCommand.php:88
/home/leonardo/Trabajos/Inventra/inventra-app-backend/vendor/laravel/framework/src/Illuminate/Container/BoundMethod.php:36
/home/leonardo/Trabajos/Inventra/inventra-app-backend/vendor/laravel/framework/src/Illuminate/Container/Util.php:43
/home/leonardo/Trabajos/Inventra/inventra-app-backend/vendor/laravel/framework/src/Illuminate/Container/BoundMethod.php:96
/home/leonardo/Trabajos/Inventra/inventra-app-backend/vendor/laravel/framework/src/Illuminate/Container/BoundMethod.php:35
/home/leonardo/Trabajos/Inventra/inventra-app-backend/vendor/laravel/framework/src/Illuminate/Container/Container.php:799
/home/leonardo/Trabajos/Inventra/inventra-app-backend/vendor/laravel/framework/src/Illuminate/Console/Command.php:211
/home/leonardo/Trabajos/Inventra/inventra-app-backend/vendor/symfony/console/Command/Command.php:341
/home/leonardo/Trabajos/Inventra/inventra-app-backend/vendor/laravel/framework/src/Illuminate/Console/Command.php:180
/home/leonardo/Trabajos/Inventra/inventra-app-backend/vendor/laravel/framework/src/Illuminate/Console/Concerns/CallsCommands.php:68
/home/leonardo/Trabajos/Inventra/inventra-app-backend/vendor/laravel/framework/src/Illuminate/Console/Concerns/CallsCommands.php:29
/home/leonardo/Trabajos/Inventra/inventra-app-backend/vendor/laravel/framework/src/Illuminate/Database/Console/Migrations/FreshCommand.php:88
/home/leonardo/Trabajos/Inventra/inventra-app-backend/vendor/laravel/framework/src/Illuminate/Container/BoundMethod.php:36
/home/leonardo/Trabajos/Inventra/inventra-app-backend/vendor/laravel/framework/src/Illuminate/Container/Util.php:43
/home/leonardo/Trabajos/Inventra/inventra-app-backend/vendor/laravel/framework/src/Illuminate/Container/BoundMethod.php:96
/home/leonardo/Trabajos/Inventra/inventra-app-backend/vendor/laravel/framework/src/Illuminate/Container/BoundMethod.php:35
/home/leonardo/Trabajos/Inventra/inventra-app-backend/vendor/laravel/framework/src/Illuminate/Container/Container.php:799
/home/leonardo/Trabajos/Inventra/inventra-app-backend/vendor/laravel/framework/src/Illuminate/Console/Command.php:211
/home/leonardo/Trabajos/Inventra/inventra-app-backend/vendor/symfony/console/Command/Command.php:341
/home/leonardo/Trabajos/Inventra/inventra-app-backend/vendor/laravel/framework/src/Illuminate/Console/Command.php:180
/home/leonardo/Trabajos/Inventra/inventra-app-backend/vendor/symfony/console/Application.php:1094
/home/leonardo/Trabajos/Inventra/inventra-app-backend/vendor/symfony/console/Application.php:356
/home/leonardo/Trabajos/Inventra/inventra-app-backend/vendor/symfony/console/Application.php:195
/home/leonardo/Trabajos/Inventra/inventra-app-backend/vendor/laravel/framework/src/Illuminate/Console/Application.php:165
/home/leonardo/Trabajos/Inventra/inventra-app-backend/vendor/laravel/framework/src/Illuminate/Foundation/Console/Kernel.php:447
/home/leonardo/Trabajos/Inventra/inventra-app-backend/vendor/laravel/framework/src/Illuminate/Testing/PendingCommand.php:451
/home/leonardo/Trabajos/Inventra/inventra-app-backend/vendor/laravel/framework/src/Illuminate/Testing/PendingCommand.php:675
/home/leonardo/Trabajos/Inventra/inventra-app-backend/vendor/laravel/framework/src/Illuminate/Foundation/Testing/Concerns/InteractsWithConsole.php:87
/home/leonardo/Trabajos/Inventra/inventra-app-backend/vendor/laravel/framework/src/Illuminate/Foundation/Testing/RefreshDatabase.php:119
/home/leonardo/Trabajos/Inventra/inventra-app-backend/vendor/laravel/framework/src/Illuminate/Foundation/Testing/RefreshDatabase.php:84
/home/leonardo/Trabajos/Inventra/inventra-app-backend/vendor/laravel/framework/src/Illuminate/Foundation/Testing/RefreshDatabase.php:25
/home/leonardo/Trabajos/Inventra/inventra-app-backend/vendor/laravel/framework/src/Illuminate/Foundation/Testing/Concerns/InteractsWithTestCaseLifecycle.php:217
/home/leonardo/Trabajos/Inventra/inventra-app-backend/vendor/laravel/framework/src/Illuminate/Foundation/Testing/Concerns/InteractsWithTestCaseLifecycle.php:101
/home/leonardo/Trabajos/Inventra/inventra-app-backend/vendor/laravel/framework/src/Illuminate/Foundation/Testing/TestCase.php:63
/home/leonardo/Trabajos/Inventra/inventra-app-backend/tests/Feature/RbacTest.php:20

2) Tests\Feature\RbacTest::super_admin_bypasses_all_permissions
Illuminate\Database\QueryException: SQLSTATE[HY000]: General error: 1 unrecognized token: ":" (Connection: sqlite, Database: :memory:, SQL: UPDATE referral_agents SET agent_type_id = type::varchar)

/home/leonardo/Trabajos/Inventra/inventra-app-backend/vendor/laravel/framework/src/Illuminate/Database/Connection.php:838
/home/leonardo/Trabajos/Inventra/inventra-app-backend/vendor/laravel/framework/src/Illuminate/Database/Connection.php:794
/home/leonardo/Trabajos/Inventra/inventra-app-backend/vendor/laravel/framework/src/Illuminate/Database/Connection.php:573
/home/leonardo/Trabajos/Inventra/inventra-app-backend/vendor/laravel/framework/src/Illuminate/Database/DatabaseManager.php:491
/home/leonardo/Trabajos/Inventra/inventra-app-backend/vendor/laravel/framework/src/Illuminate/Support/Facades/Facade.php:363
/home/leonardo/Trabajos/Inventra/inventra-app-backend/database/migrations/2026_03_17_150933_create_agent_types_table.php:30
/home/leonardo/Trabajos/Inventra/inventra-app-backend/vendor/laravel/framework/src/Illuminate/Database/Migrations/Migrator.php:517
/home/leonardo/Trabajos/Inventra/inventra-app-backend/vendor/laravel/framework/src/Illuminate/Database/Migrations/Migrator.php:442
/home/leonardo/Trabajos/Inventra/inventra-app-backend/vendor/laravel/framework/src/Illuminate/Database/Migrations/Migrator.php:451
/home/leonardo/Trabajos/Inventra/inventra-app-backend/vendor/laravel/framework/src/Illuminate/Database/Migrations/Migrator.php:253
/home/leonardo/Trabajos/Inventra/inventra-app-backend/vendor/laravel/framework/src/Illuminate/Console/View/Components/Task.php:41
/home/leonardo/Trabajos/Inventra/inventra-app-backend/vendor/laravel/framework/src/Illuminate/Database/Migrations/Migrator.php:814
/home/leonardo/Trabajos/Inventra/inventra-app-backend/vendor/laravel/framework/src/Illuminate/Database/Migrations/Migrator.php:253
/home/leonardo/Trabajos/Inventra/inventra-app-backend/vendor/laravel/framework/src/Illuminate/Database/Migrations/Migrator.php:211
/home/leonardo/Trabajos/Inventra/inventra-app-backend/vendor/laravel/framework/src/Illuminate/Database/Migrations/Migrator.php:138
/home/leonardo/Trabajos/Inventra/inventra-app-backend/vendor/laravel/framework/src/Illuminate/Database/Console/Migrations/MigrateCommand.php:116
/home/leonardo/Trabajos/Inventra/inventra-app-backend/vendor/laravel/framework/src/Illuminate/Database/Migrations/Migrator.php:671
/home/leonardo/Trabajos/Inventra/inventra-app-backend/vendor/laravel/framework/src/Illuminate/Database/Console/Migrations/MigrateCommand.php:109
/home/leonardo/Trabajos/Inventra/inventra-app-backend/vendor/laravel/framework/src/Illuminate/Database/Console/Migrations/MigrateCommand.php:88
/home/leonardo/Trabajos/Inventra/inventra-app-backend/vendor/laravel/framework/src/Illuminate/Container/BoundMethod.php:36
/home/leonardo/Trabajos/Inventra/inventra-app-backend/vendor/laravel/framework/src/Illuminate/Container/Util.php:43
/home/leonardo/Trabajos/Inventra/inventra-app-backend/vendor/laravel/framework/src/Illuminate/Container/BoundMethod.php:96
/home/leonardo/Trabajos/Inventra/inventra-app-backend/vendor/laravel/framework/src/Illuminate/Container/BoundMethod.php:35
/home/leonardo/Trabajos/Inventra/inventra-app-backend/vendor/laravel/framework/src/Illuminate/Container/Container.php:799
/home/leonardo/Trabajos/Inventra/inventra-app-backend/vendor/laravel/framework/src/Illuminate/Console/Command.php:211
/home/leonardo/Trabajos/Inventra/inventra-app-backend/vendor/symfony/console/Command/Command.php:341
/home/leonardo/Trabajos/Inventra/inventra-app-backend/vendor/laravel/framework/src/Illuminate/Console/Command.php:180
/home/leonardo/Trabajos/Inventra/inventra-app-backend/vendor/laravel/framework/src/Illuminate/Console/Concerns/CallsCommands.php:68
/home/leonardo/Trabajos/Inventra/inventra-app-backend/vendor/laravel/framework/src/Illuminate/Console/Concerns/CallsCommands.php:29
/home/leonardo/Trabajos/Inventra/inventra-app-backend/vendor/laravel/framework/src/Illuminate/Database/Console/Migrations/FreshCommand.php:88
/home/leonardo/Trabajos/Inventra/inventra-app-backend/vendor/laravel/framework/src/Illuminate/Container/BoundMethod.php:36
/home/leonardo/Trabajos/Inventra/inventra-app-backend/vendor/laravel/framework/src/Illuminate/Container/Util.php:43
/home/leonardo/Trabajos/Inventra/inventra-app-backend/vendor/laravel/framework/src/Illuminate/Container/BoundMethod.php:96
/home/leonardo/Trabajos/Inventra/inventra-app-backend/vendor/laravel/framework/src/Illuminate/Container/BoundMethod.php:35
/home/leonardo/Trabajos/Inventra/inventra-app-backend/vendor/laravel/framework/src/Illuminate/Container/Container.php:799
/home/leonardo/Trabajos/Inventra/inventra-app-backend/vendor/laravel/framework/src/Illuminate/Console/Command.php:211
/home/leonardo/Trabajos/Inventra/inventra-app-backend/vendor/symfony/console/Command/Command.php:341
/home/leonardo/Trabajos/Inventra/inventra-app-backend/vendor/laravel/framework/src/Illuminate/Console/Command.php:180
/home/leonardo/Trabajos/Inventra/inventra-app-backend/vendor/symfony/console/Application.php:1094
/home/leonardo/Trabajos/Inventra/inventra-app-backend/vendor/symfony/console/Application.php:356
/home/leonardo/Trabajos/Inventra/inventra-app-backend/vendor/symfony/console/Application.php:195
/home/leonardo/Trabajos/Inventra/inventra-app-backend/vendor/laravel/framework/src/Illuminate/Console/Application.php:165
/home/leonardo/Trabajos/Inventra/inventra-app-backend/vendor/laravel/framework/src/Illuminate/Foundation/Console/Kernel.php:447
/home/leonardo/Trabajos/Inventra/inventra-app-backend/vendor/laravel/framework/src/Illuminate/Testing/PendingCommand.php:451
/home/leonardo/Trabajos/Inventra/inventra-app-backend/vendor/laravel/framework/src/Illuminate/Testing/PendingCommand.php:675
/home/leonardo/Trabajos/Inventra/inventra-app-backend/vendor/laravel/framework/src/Illuminate/Foundation/Testing/Concerns/InteractsWithConsole.php:87
/home/leonardo/Trabajos/Inventra/inventra-app-backend/vendor/laravel/framework/src/Illuminate/Foundation/Testing/RefreshDatabase.php:119
/home/leonardo/Trabajos/Inventra/inventra-app-backend/vendor/laravel/framework/src/Illuminate/Foundation/Testing/RefreshDatabase.php:84
/home/leonardo/Trabajos/Inventra/inventra-app-backend/vendor/laravel/framework/src/Illuminate/Foundation/Testing/RefreshDatabase.php:25
/home/leonardo/Trabajos/Inventra/inventra-app-backend/vendor/laravel/framework/src/Illuminate/Foundation/Testing/Concerns/InteractsWithTestCaseLifecycle.php:217
/home/leonardo/Trabajos/Inventra/inventra-app-backend/vendor/laravel/framework/src/Illuminate/Foundation/Testing/Concerns/InteractsWithTestCaseLifecycle.php:101
/home/leonardo/Trabajos/Inventra/inventra-app-backend/vendor/laravel/framework/src/Illuminate/Foundation/Testing/TestCase.php:63
/home/leonardo/Trabajos/Inventra/inventra-app-backend/tests/Feature/RbacTest.php:20

Caused by
PDOException: SQLSTATE[HY000]: General error: 1 unrecognized token: ":"

/home/leonardo/Trabajos/Inventra/inventra-app-backend/vendor/laravel/framework/src/Illuminate/Database/Connection.php:578
/home/leonardo/Trabajos/Inventra/inventra-app-backend/vendor/laravel/framework/src/Illuminate/Database/Connection.php:827
/home/leonardo/Trabajos/Inventra/inventra-app-backend/vendor/laravel/framework/src/Illuminate/Database/Connection.php:794
/home/leonardo/Trabajos/Inventra/inventra-app-backend/vendor/laravel/framework/src/Illuminate/Database/Connection.php:573
/home/leonardo/Trabajos/Inventra/inventra-app-backend/vendor/laravel/framework/src/Illuminate/Database/DatabaseManager.php:491
/home/leonardo/Trabajos/Inventra/inventra-app-backend/vendor/laravel/framework/src/Illuminate/Support/Facades/Facade.php:363
/home/leonardo/Trabajos/Inventra/inventra-app-backend/database/migrations/2026_03_17_150933_create_agent_types_table.php:30
/home/leonardo/Trabajos/Inventra/inventra-app-backend/vendor/laravel/framework/src/Illuminate/Database/Migrations/Migrator.php:517
/home/leonardo/Trabajos/Inventra/inventra-app-backend/vendor/laravel/framework/src/Illuminate/Database/Migrations/Migrator.php:442
/home/leonardo/Trabajos/Inventra/inventra-app-backend/vendor/laravel/framework/src/Illuminate/Database/Migrations/Migrator.php:451
/home/leonardo/Trabajos/Inventra/inventra-app-backend/vendor/laravel/framework/src/Illuminate/Database/Migrations/Migrator.php:253
/home/leonardo/Trabajos/Inventra/inventra-app-backend/vendor/laravel/framework/src/Illuminate/Console/View/Components/Task.php:41
/home/leonardo/Trabajos/Inventra/inventra-app-backend/vendor/laravel/framework/src/Illuminate/Database/Migrations/Migrator.php:814
/home/leonardo/Trabajos/Inventra/inventra-app-backend/vendor/laravel/framework/src/Illuminate/Database/Migrations/Migrator.php:253
/home/leonardo/Trabajos/Inventra/inventra-app-backend/vendor/laravel/framework/src/Illuminate/Database/Migrations/Migrator.php:211
/home/leonardo/Trabajos/Inventra/inventra-app-backend/vendor/laravel/framework/src/Illuminate/Database/Migrations/Migrator.php:138
/home/leonardo/Trabajos/Inventra/inventra-app-backend/vendor/laravel/framework/src/Illuminate/Database/Console/Migrations/MigrateCommand.php:116
/home/leonardo/Trabajos/Inventra/inventra-app-backend/vendor/laravel/framework/src/Illuminate/Database/Migrations/Migrator.php:671
/home/leonardo/Trabajos/Inventra/inventra-app-backend/vendor/laravel/framework/src/Illuminate/Database/Console/Migrations/MigrateCommand.php:109
/home/leonardo/Trabajos/Inventra/inventra-app-backend/vendor/laravel/framework/src/Illuminate/Database/Console/Migrations/MigrateCommand.php:88
/home/leonardo/Trabajos/Inventra/inventra-app-backend/vendor/laravel/framework/src/Illuminate/Container/BoundMethod.php:36
/home/leonardo/Trabajos/Inventra/inventra-app-backend/vendor/laravel/framework/src/Illuminate/Container/Util.php:43
/home/leonardo/Trabajos/Inventra/inventra-app-backend/vendor/laravel/framework/src/Illuminate/Container/BoundMethod.php:96
/home/leonardo/Trabajos/Inventra/inventra-app-backend/vendor/laravel/framework/src/Illuminate/Container/BoundMethod.php:35
/home/leonardo/Trabajos/Inventra/inventra-app-backend/vendor/laravel/framework/src/Illuminate/Container/Container.php:799
/home/leonardo/Trabajos/Inventra/inventra-app-backend/vendor/laravel/framework/src/Illuminate/Console/Command.php:211
/home/leonardo/Trabajos/Inventra/inventra-app-backend/vendor/symfony/console/Command/Command.php:341
/home/leonardo/Trabajos/Inventra/inventra-app-backend/vendor/laravel/framework/src/Illuminate/Console/Command.php:180
/home/leonardo/Trabajos/Inventra/inventra-app-backend/vendor/laravel/framework/src/Illuminate/Console/Concerns/CallsCommands.php:68
/home/leonardo/Trabajos/Inventra/inventra-app-backend/vendor/laravel/framework/src/Illuminate/Console/Concerns/CallsCommands.php:29
/home/leonardo/Trabajos/Inventra/inventra-app-backend/vendor/laravel/framework/src/Illuminate/Database/Console/Migrations/FreshCommand.php:88
/home/leonardo/Trabajos/Inventra/inventra-app-backend/vendor/laravel/framework/src/Illuminate/Container/BoundMethod.php:36
/home/leonardo/Trabajos/Inventra/inventra-app-backend/vendor/laravel/framework/src/Illuminate/Container/Util.php:43
/home/leonardo/Trabajos/Inventra/inventra-app-backend/vendor/laravel/framework/src/Illuminate/Container/BoundMethod.php:96
/home/leonardo/Trabajos/Inventra/inventra-app-backend/vendor/laravel/framework/src/Illuminate/Container/BoundMethod.php:35
/home/leonardo/Trabajos/Inventra/inventra-app-backend/vendor/laravel/framework/src/Illuminate/Container/Container.php:799
/home/leonardo/Trabajos/Inventra/inventra-app-backend/vendor/laravel/framework/src/Illuminate/Console/Command.php:211
/home/leonardo/Trabajos/Inventra/inventra-app-backend/vendor/symfony/console/Command/Command.php:341
/home/leonardo/Trabajos/Inventra/inventra-app-backend/vendor/laravel/framework/src/Illuminate/Console/Command.php:180
/home/leonardo/Trabajos/Inventra/inventra-app-backend/vendor/symfony/console/Application.php:1094
/home/leonardo/Trabajos/Inventra/inventra-app-backend/vendor/symfony/console/Application.php:356
/home/leonardo/Trabajos/Inventra/inventra-app-backend/vendor/symfony/console/Application.php:195
/home/leonardo/Trabajos/Inventra/inventra-app-backend/vendor/laravel/framework/src/Illuminate/Console/Application.php:165
/home/leonardo/Trabajos/Inventra/inventra-app-backend/vendor/laravel/framework/src/Illuminate/Foundation/Console/Kernel.php:447
/home/leonardo/Trabajos/Inventra/inventra-app-backend/vendor/laravel/framework/src/Illuminate/Testing/PendingCommand.php:451
/home/leonardo/Trabajos/Inventra/inventra-app-backend/vendor/laravel/framework/src/Illuminate/Testing/PendingCommand.php:675
/home/leonardo/Trabajos/Inventra/inventra-app-backend/vendor/laravel/framework/src/Illuminate/Foundation/Testing/Concerns/InteractsWithConsole.php:87
/home/leonardo/Trabajos/Inventra/inventra-app-backend/vendor/laravel/framework/src/Illuminate/Foundation/Testing/RefreshDatabase.php:119
/home/leonardo/Trabajos/Inventra/inventra-app-backend/vendor/laravel/framework/src/Illuminate/Foundation/Testing/RefreshDatabase.php:84
/home/leonardo/Trabajos/Inventra/inventra-app-backend/vendor/laravel/framework/src/Illuminate/Foundation/Testing/RefreshDatabase.php:25
/home/leonardo/Trabajos/Inventra/inventra-app-backend/vendor/laravel/framework/src/Illuminate/Foundation/Testing/Concerns/InteractsWithTestCaseLifecycle.php:217
/home/leonardo/Trabajos/Inventra/inventra-app-backend/vendor/laravel/framework/src/Illuminate/Foundation/Testing/Concerns/InteractsWithTestCaseLifecycle.php:101
/home/leonardo/Trabajos/Inventra/inventra-app-backend/vendor/laravel/framework/src/Illuminate/Foundation/Testing/TestCase.php:63
/home/leonardo/Trabajos/Inventra/inventra-app-backend/tests/Feature/RbacTest.php:20

3) Tests\Feature\RbacTest::permissions_are_cached_and_invalidated_on_role_change
Illuminate\Database\QueryException: SQLSTATE[HY000]: General error: 1 unrecognized token: ":" (Connection: sqlite, Database: :memory:, SQL: UPDATE referral_agents SET agent_type_id = type::varchar)

/home/leonardo/Trabajos/Inventra/inventra-app-backend/vendor/laravel/framework/src/Illuminate/Database/Connection.php:838
/home/leonardo/Trabajos/Inventra/inventra-app-backend/vendor/laravel/framework/src/Illuminate/Database/Connection.php:794
/home/leonardo/Trabajos/Inventra/inventra-app-backend/vendor/laravel/framework/src/Illuminate/Database/Connection.php:573
/home/leonardo/Trabajos/Inventra/inventra-app-backend/vendor/laravel/framework/src/Illuminate/Database/DatabaseManager.php:491
/home/leonardo/Trabajos/Inventra/inventra-app-backend/vendor/laravel/framework/src/Illuminate/Support/Facades/Facade.php:363
/home/leonardo/Trabajos/Inventra/inventra-app-backend/database/migrations/2026_03_17_150933_create_agent_types_table.php:30
/home/leonardo/Trabajos/Inventra/inventra-app-backend/vendor/laravel/framework/src/Illuminate/Database/Migrations/Migrator.php:517
/home/leonardo/Trabajos/Inventra/inventra-app-backend/vendor/laravel/framework/src/Illuminate/Database/Migrations/Migrator.php:442
/home/leonardo/Trabajos/Inventra/inventra-app-backend/vendor/laravel/framework/src/Illuminate/Database/Migrations/Migrator.php:451
/home/leonardo/Trabajos/Inventra/inventra-app-backend/vendor/laravel/framework/src/Illuminate/Database/Migrations/Migrator.php:253
/home/leonardo/Trabajos/Inventra/inventra-app-backend/vendor/laravel/framework/src/Illuminate/Console/View/Components/Task.php:41
/home/leonardo/Trabajos/Inventra/inventra-app-backend/vendor/laravel/framework/src/Illuminate/Database/Migrations/Migrator.php:814
/home/leonardo/Trabajos/Inventra/inventra-app-backend/vendor/laravel/framework/src/Illuminate/Database/Migrations/Migrator.php:253
/home/leonardo/Trabajos/Inventra/inventra-app-backend/vendor/laravel/framework/src/Illuminate/Database/Migrations/Migrator.php:211
/home/leonardo/Trabajos/Inventra/inventra-app-backend/vendor/laravel/framework/src/Illuminate/Database/Migrations/Migrator.php:138
/home/leonardo/Trabajos/Inventra/inventra-app-backend/vendor/laravel/framework/src/Illuminate/Database/Console/Migrations/MigrateCommand.php:116
/home/leonardo/Trabajos/Inventra/inventra-app-backend/vendor/laravel/framework/src/Illuminate/Database/Migrations/Migrator.php:671
/home/leonardo/Trabajos/Inventra/inventra-app-backend/vendor/laravel/framework/src/Illuminate/Database/Console/Migrations/MigrateCommand.php:109
/home/leonardo/Trabajos/Inventra/inventra-app-backend/vendor/laravel/framework/src/Illuminate/Database/Console/Migrations/MigrateCommand.php:88
/home/leonardo/Trabajos/Inventra/inventra-app-backend/vendor/laravel/framework/src/Illuminate/Container/BoundMethod.php:36
/home/leonardo/Trabajos/Inventra/inventra-app-backend/vendor/laravel/framework/src/Illuminate/Container/Util.php:43
/home/leonardo/Trabajos/Inventra/inventra-app-backend/vendor/laravel/framework/src/Illuminate/Container/BoundMethod.php:96
/home/leonardo/Trabajos/Inventra/inventra-app-backend/vendor/laravel/framework/src/Illuminate/Container/BoundMethod.php:35
/home/leonardo/Trabajos/Inventra/inventra-app-backend/vendor/laravel/framework/src/Illuminate/Container/Container.php:799
/home/leonardo/Trabajos/Inventra/inventra-app-backend/vendor/laravel/framework/src/Illuminate/Console/Command.php:211
/home/leonardo/Trabajos/Inventra/inventra-app-backend/vendor/symfony/console/Command/Command.php:341
/home/leonardo/Trabajos/Inventra/inventra-app-backend/vendor/laravel/framework/src/Illuminate/Console/Command.php:180
/home/leonardo/Trabajos/Inventra/inventra-app-backend/vendor/laravel/framework/src/Illuminate/Console/Concerns/CallsCommands.php:68
/home/leonardo/Trabajos/Inventra/inventra-app-backend/vendor/laravel/framework/src/Illuminate/Console/Concerns/CallsCommands.php:29
/home/leonardo/Trabajos/Inventra/inventra-app-backend/vendor/laravel/framework/src/Illuminate/Database/Console/Migrations/FreshCommand.php:88
/home/leonardo/Trabajos/Inventra/inventra-app-backend/vendor/laravel/framework/src/Illuminate/Container/BoundMethod.php:36
/home/leonardo/Trabajos/Inventra/inventra-app-backend/vendor/laravel/framework/src/Illuminate/Container/Util.php:43
/home/leonardo/Trabajos/Inventra/inventra-app-backend/vendor/laravel/framework/src/Illuminate/Container/BoundMethod.php:96
/home/leonardo/Trabajos/Inventra/inventra-app-backend/vendor/laravel/framework/src/Illuminate/Container/BoundMethod.php:35
/home/leonardo/Trabajos/Inventra/inventra-app-backend/vendor/laravel/framework/src/Illuminate/Container/Container.php:799
/home/leonardo/Trabajos/Inventra/inventra-app-backend/vendor/laravel/framework/src/Illuminate/Console/Command.php:211
/home/leonardo/Trabajos/Inventra/inventra-app-backend/vendor/symfony/console/Command/Command.php:341
/home/leonardo/Trabajos/Inventra/inventra-app-backend/vendor/laravel/framework/src/Illuminate/Console/Command.php:180
/home/leonardo/Trabajos/Inventra/inventra-app-backend/vendor/symfony/console/Application.php:1094
/home/leonardo/Trabajos/Inventra/inventra-app-backend/vendor/symfony/console/Application.php:356
/home/leonardo/Trabajos/Inventra/inventra-app-backend/vendor/symfony/console/Application.php:195
/home/leonardo/Trabajos/Inventra/inventra-app-backend/vendor/laravel/framework/src/Illuminate/Console/Application.php:165
/home/leonardo/Trabajos/Inventra/inventra-app-backend/vendor/laravel/framework/src/Illuminate/Foundation/Console/Kernel.php:447
/home/leonardo/Trabajos/Inventra/inventra-app-backend/vendor/laravel/framework/src/Illuminate/Testing/PendingCommand.php:451
/home/leonardo/Trabajos/Inventra/inventra-app-backend/vendor/laravel/framework/src/Illuminate/Testing/PendingCommand.php:675
/home/leonardo/Trabajos/Inventra/inventra-app-backend/vendor/laravel/framework/src/Illuminate/Foundation/Testing/Concerns/InteractsWithConsole.php:87
/home/leonardo/Trabajos/Inventra/inventra-app-backend/vendor/laravel/framework/src/Illuminate/Foundation/Testing/RefreshDatabase.php:119
/home/leonardo/Trabajos/Inventra/inventra-app-backend/vendor/laravel/framework/src/Illuminate/Foundation/Testing/RefreshDatabase.php:84
/home/leonardo/Trabajos/Inventra/inventra-app-backend/vendor/laravel/framework/src/Illuminate/Foundation/Testing/RefreshDatabase.php:25
/home/leonardo/Trabajos/Inventra/inventra-app-backend/vendor/laravel/framework/src/Illuminate/Foundation/Testing/Concerns/InteractsWithTestCaseLifecycle.php:217
/home/leonardo/Trabajos/Inventra/inventra-app-backend/vendor/laravel/framework/src/Illuminate/Foundation/Testing/Concerns/InteractsWithTestCaseLifecycle.php:101
/home/leonardo/Trabajos/Inventra/inventra-app-backend/vendor/laravel/framework/src/Illuminate/Foundation/Testing/TestCase.php:63
/home/leonardo/Trabajos/Inventra/inventra-app-backend/tests/Feature/RbacTest.php:20

Caused by
PDOException: SQLSTATE[HY000]: General error: 1 unrecognized token: ":"

/home/leonardo/Trabajos/Inventra/inventra-app-backend/vendor/laravel/framework/src/Illuminate/Database/Connection.php:578
/home/leonardo/Trabajos/Inventra/inventra-app-backend/vendor/laravel/framework/src/Illuminate/Database/Connection.php:827
/home/leonardo/Trabajos/Inventra/inventra-app-backend/vendor/laravel/framework/src/Illuminate/Database/Connection.php:794
/home/leonardo/Trabajos/Inventra/inventra-app-backend/vendor/laravel/framework/src/Illuminate/Database/Connection.php:573
/home/leonardo/Trabajos/Inventra/inventra-app-backend/vendor/laravel/framework/src/Illuminate/Database/DatabaseManager.php:491
/home/leonardo/Trabajos/Inventra/inventra-app-backend/vendor/laravel/framework/src/Illuminate/Support/Facades/Facade.php:363
/home/leonardo/Trabajos/Inventra/inventra-app-backend/database/migrations/2026_03_17_150933_create_agent_types_table.php:30
/home/leonardo/Trabajos/Inventra/inventra-app-backend/vendor/laravel/framework/src/Illuminate/Database/Migrations/Migrator.php:517
/home/leonardo/Trabajos/Inventra/inventra-app-backend/vendor/laravel/framework/src/Illuminate/Database/Migrations/Migrator.php:442
/home/leonardo/Trabajos/Inventra/inventra-app-backend/vendor/laravel/framework/src/Illuminate/Database/Migrations/Migrator.php:451
/home/leonardo/Trabajos/Inventra/inventra-app-backend/vendor/laravel/framework/src/Illuminate/Database/Migrations/Migrator.php:253
/home/leonardo/Trabajos/Inventra/inventra-app-backend/vendor/laravel/framework/src/Illuminate/Console/View/Components/Task.php:41
/home/leonardo/Trabajos/Inventra/inventra-app-backend/vendor/laravel/framework/src/Illuminate/Database/Migrations/Migrator.php:814
/home/leonardo/Trabajos/Inventra/inventra-app-backend/vendor/laravel/framework/src/Illuminate/Database/Migrations/Migrator.php:253
/home/leonardo/Trabajos/Inventra/inventra-app-backend/vendor/laravel/framework/src/Illuminate/Database/Migrations/Migrator.php:211
/home/leonardo/Trabajos/Inventra/inventra-app-backend/vendor/laravel/framework/src/Illuminate/Database/Migrations/Migrator.php:138
/home/leonardo/Trabajos/Inventra/inventra-app-backend/vendor/laravel/framework/src/Illuminate/Database/Console/Migrations/MigrateCommand.php:116
/home/leonardo/Trabajos/Inventra/inventra-app-backend/vendor/laravel/framework/src/Illuminate/Database/Migrations/Migrator.php:671
/home/leonardo/Trabajos/Inventra/inventra-app-backend/vendor/laravel/framework/src/Illuminate/Database/Console/Migrations/MigrateCommand.php:109
/home/leonardo/Trabajos/Inventra/inventra-app-backend/vendor/laravel/framework/src/Illuminate/Database/Console/Migrations/MigrateCommand.php:88
/home/leonardo/Trabajos/Inventra/inventra-app-backend/vendor/laravel/framework/src/Illuminate/Container/BoundMethod.php:36
/home/leonardo/Trabajos/Inventra/inventra-app-backend/vendor/laravel/framework/src/Illuminate/Container/Util.php:43
/home/leonardo/Trabajos/Inventra/inventra-app-backend/vendor/laravel/framework/src/Illuminate/Container/BoundMethod.php:96
/home/leonardo/Trabajos/Inventra/inventra-app-backend/vendor/laravel/framework/src/Illuminate/Container/BoundMethod.php:35
/home/leonardo/Trabajos/Inventra/inventra-app-backend/vendor/laravel/framework/src/Illuminate/Container/Container.php:799
/home/leonardo/Trabajos/Inventra/inventra-app-backend/vendor/laravel/framework/src/Illuminate/Console/Command.php:211
/home/leonardo/Trabajos/Inventra/inventra-app-backend/vendor/symfony/console/Command/Command.php:341
/home/leonardo/Trabajos/Inventra/inventra-app-backend/vendor/laravel/framework/src/Illuminate/Console/Command.php:180
/home/leonardo/Trabajos/Inventra/inventra-app-backend/vendor/laravel/framework/src/Illuminate/Console/Concerns/CallsCommands.php:68
/home/leonardo/Trabajos/Inventra/inventra-app-backend/vendor/laravel/framework/src/Illuminate/Console/Concerns/CallsCommands.php:29
/home/leonardo/Trabajos/Inventra/inventra-app-backend/vendor/laravel/framework/src/Illuminate/Database/Console/Migrations/FreshCommand.php:88
/home/leonardo/Trabajos/Inventra/inventra-app-backend/vendor/laravel/framework/src/Illuminate/Container/BoundMethod.php:36
/home/leonardo/Trabajos/Inventra/inventra-app-backend/vendor/laravel/framework/src/Illuminate/Container/Util.php:43
/home/leonardo/Trabajos/Inventra/inventra-app-backend/vendor/laravel/framework/src/Illuminate/Container/BoundMethod.php:96
/home/leonardo/Trabajos/Inventra/inventra-app-backend/vendor/laravel/framework/src/Illuminate/Container/BoundMethod.php:35
/home/leonardo/Trabajos/Inventra/inventra-app-backend/vendor/laravel/framework/src/Illuminate/Container/Container.php:799
/home/leonardo/Trabajos/Inventra/inventra-app-backend/vendor/laravel/framework/src/Illuminate/Console/Command.php:211
/home/leonardo/Trabajos/Inventra/inventra-app-backend/vendor/symfony/console/Command/Command.php:341
/home/leonardo/Trabajos/Inventra/inventra-app-backend/vendor/laravel/framework/src/Illuminate/Console/Command.php:180
/home/leonardo/Trabajos/Inventra/inventra-app-backend/vendor/symfony/console/Application.php:1094
/home/leonardo/Trabajos/Inventra/inventra-app-backend/vendor/symfony/console/Application.php:356
/home/leonardo/Trabajos/Inventra/inventra-app-backend/vendor/symfony/console/Application.php:195
/home/leonardo/Trabajos/Inventra/inventra-app-backend/vendor/laravel/framework/src/Illuminate/Console/Application.php:165
/home/leonardo/Trabajos/Inventra/inventra-app-backend/vendor/laravel/framework/src/Illuminate/Foundation/Console/Kernel.php:447
/home/leonardo/Trabajos/Inventra/inventra-app-backend/vendor/laravel/framework/src/Illuminate/Testing/PendingCommand.php:451
/home/leonardo/Trabajos/Inventra/inventra-app-backend/vendor/laravel/framework/src/Illuminate/Testing/PendingCommand.php:675
/home/leonardo/Trabajos/Inventra/inventra-app-backend/vendor/laravel/framework/src/Illuminate/Foundation/Testing/Concerns/InteractsWithConsole.php:87
/home/leonardo/Trabajos/Inventra/inventra-app-backend/vendor/laravel/framework/src/Illuminate/Foundation/Testing/RefreshDatabase.php:119
/home/leonardo/Trabajos/Inventra/inventra-app-backend/vendor/laravel/framework/src/Illuminate/Foundation/Testing/RefreshDatabase.php:84
/home/leonardo/Trabajos/Inventra/inventra-app-backend/vendor/laravel/framework/src/Illuminate/Foundation/Testing/RefreshDatabase.php:25
/home/leonardo/Trabajos/Inventra/inventra-app-backend/vendor/laravel/framework/src/Illuminate/Foundation/Testing/Concerns/InteractsWithTestCaseLifecycle.php:217
/home/leonardo/Trabajos/Inventra/inventra-app-backend/vendor/laravel/framework/src/Illuminate/Foundation/Testing/Concerns/InteractsWithTestCaseLifecycle.php:101
/home/leonardo/Trabajos/Inventra/inventra-app-backend/vendor/laravel/framework/src/Illuminate/Foundation/Testing/TestCase.php:63
/home/leonardo/Trabajos/Inventra/inventra-app-backend/tests/Feature/RbacTest.php:20

4) Tests\Feature\RbacTest::middleware_blocks_unauthorized_users
Illuminate\Database\QueryException: SQLSTATE[HY000]: General error: 1 unrecognized token: ":" (Connection: sqlite, Database: :memory:, SQL: UPDATE referral_agents SET agent_type_id = type::varchar)

/home/leonardo/Trabajos/Inventra/inventra-app-backend/vendor/laravel/framework/src/Illuminate/Database/Connection.php:838
/home/leonardo/Trabajos/Inventra/inventra-app-backend/vendor/laravel/framework/src/Illuminate/Database/Connection.php:794
/home/leonardo/Trabajos/Inventra/inventra-app-backend/vendor/laravel/framework/src/Illuminate/Database/Connection.php:573
/home/leonardo/Trabajos/Inventra/inventra-app-backend/vendor/laravel/framework/src/Illuminate/Database/DatabaseManager.php:491
/home/leonardo/Trabajos/Inventra/inventra-app-backend/vendor/laravel/framework/src/Illuminate/Support/Facades/Facade.php:363
/home/leonardo/Trabajos/Inventra/inventra-app-backend/database/migrations/2026_03_17_150933_create_agent_types_table.php:30
/home/leonardo/Trabajos/Inventra/inventra-app-backend/vendor/laravel/framework/src/Illuminate/Database/Migrations/Migrator.php:517
/home/leonardo/Trabajos/Inventra/inventra-app-backend/vendor/laravel/framework/src/Illuminate/Database/Migrations/Migrator.php:442
/home/leonardo/Trabajos/Inventra/inventra-app-backend/vendor/laravel/framework/src/Illuminate/Database/Migrations/Migrator.php:451
/home/leonardo/Trabajos/Inventra/inventra-app-backend/vendor/laravel/framework/src/Illuminate/Database/Migrations/Migrator.php:253
/home/leonardo/Trabajos/Inventra/inventra-app-backend/vendor/laravel/framework/src/Illuminate/Console/View/Components/Task.php:41
/home/leonardo/Trabajos/Inventra/inventra-app-backend/vendor/laravel/framework/src/Illuminate/Database/Migrations/Migrator.php:814
/home/leonardo/Trabajos/Inventra/inventra-app-backend/vendor/laravel/framework/src/Illuminate/Database/Migrations/Migrator.php:253
/home/leonardo/Trabajos/Inventra/inventra-app-backend/vendor/laravel/framework/src/Illuminate/Database/Migrations/Migrator.php:211
/home/leonardo/Trabajos/Inventra/inventra-app-backend/vendor/laravel/framework/src/Illuminate/Database/Migrations/Migrator.php:138
/home/leonardo/Trabajos/Inventra/inventra-app-backend/vendor/laravel/framework/src/Illuminate/Database/Console/Migrations/MigrateCommand.php:116
/home/leonardo/Trabajos/Inventra/inventra-app-backend/vendor/laravel/framework/src/Illuminate/Database/Migrations/Migrator.php:671
/home/leonardo/Trabajos/Inventra/inventra-app-backend/vendor/laravel/framework/src/Illuminate/Database/Console/Migrations/MigrateCommand.php:109
/home/leonardo/Trabajos/Inventra/inventra-app-backend/vendor/laravel/framework/src/Illuminate/Database/Console/Migrations/MigrateCommand.php:88
/home/leonardo/Trabajos/Inventra/inventra-app-backend/vendor/laravel/framework/src/Illuminate/Container/BoundMethod.php:36
/home/leonardo/Trabajos/Inventra/inventra-app-backend/vendor/laravel/framework/src/Illuminate/Container/Util.php:43
/home/leonardo/Trabajos/Inventra/inventra-app-backend/vendor/laravel/framework/src/Illuminate/Container/BoundMethod.php:96
/home/leonardo/Trabajos/Inventra/inventra-app-backend/vendor/laravel/framework/src/Illuminate/Container/BoundMethod.php:35
/home/leonardo/Trabajos/Inventra/inventra-app-backend/vendor/laravel/framework/src/Illuminate/Container/Container.php:799
/home/leonardo/Trabajos/Inventra/inventra-app-backend/vendor/laravel/framework/src/Illuminate/Console/Command.php:211
/home/leonardo/Trabajos/Inventra/inventra-app-backend/vendor/symfony/console/Command/Command.php:341
/home/leonardo/Trabajos/Inventra/inventra-app-backend/vendor/laravel/framework/src/Illuminate/Console/Command.php:180
/home/leonardo/Trabajos/Inventra/inventra-app-backend/vendor/laravel/framework/src/Illuminate/Console/Concerns/CallsCommands.php:68
/home/leonardo/Trabajos/Inventra/inventra-app-backend/vendor/laravel/framework/src/Illuminate/Console/Concerns/CallsCommands.php:29
/home/leonardo/Trabajos/Inventra/inventra-app-backend/vendor/laravel/framework/src/Illuminate/Database/Console/Migrations/FreshCommand.php:88
/home/leonardo/Trabajos/Inventra/inventra-app-backend/vendor/laravel/framework/src/Illuminate/Container/BoundMethod.php:36
/home/leonardo/Trabajos/Inventra/inventra-app-backend/vendor/laravel/framework/src/Illuminate/Container/Util.php:43
/home/leonardo/Trabajos/Inventra/inventra-app-backend/vendor/laravel/framework/src/Illuminate/Container/BoundMethod.php:96
/home/leonardo/Trabajos/Inventra/inventra-app-backend/vendor/laravel/framework/src/Illuminate/Container/BoundMethod.php:35
/home/leonardo/Trabajos/Inventra/inventra-app-backend/vendor/laravel/framework/src/Illuminate/Container/Container.php:799
/home/leonardo/Trabajos/Inventra/inventra-app-backend/vendor/laravel/framework/src/Illuminate/Console/Command.php:211
/home/leonardo/Trabajos/Inventra/inventra-app-backend/vendor/symfony/console/Command/Command.php:341
/home/leonardo/Trabajos/Inventra/inventra-app-backend/vendor/laravel/framework/src/Illuminate/Console/Command.php:180
/home/leonardo/Trabajos/Inventra/inventra-app-backend/vendor/symfony/console/Application.php:1094
/home/leonardo/Trabajos/Inventra/inventra-app-backend/vendor/symfony/console/Application.php:356
/home/leonardo/Trabajos/Inventra/inventra-app-backend/vendor/symfony/console/Application.php:195
/home/leonardo/Trabajos/Inventra/inventra-app-backend/vendor/laravel/framework/src/Illuminate/Console/Application.php:165
/home/leonardo/Trabajos/Inventra/inventra-app-backend/vendor/laravel/framework/src/Illuminate/Foundation/Console/Kernel.php:447
/home/leonardo/Trabajos/Inventra/inventra-app-backend/vendor/laravel/framework/src/Illuminate/Testing/PendingCommand.php:451
/home/leonardo/Trabajos/Inventra/inventra-app-backend/vendor/laravel/framework/src/Illuminate/Testing/PendingCommand.php:675
/home/leonardo/Trabajos/Inventra/inventra-app-backend/vendor/laravel/framework/src/Illuminate/Foundation/Testing/Concerns/InteractsWithConsole.php:87
/home/leonardo/Trabajos/Inventra/inventra-app-backend/vendor/laravel/framework/src/Illuminate/Foundation/Testing/RefreshDatabase.php:119
/home/leonardo/Trabajos/Inventra/inventra-app-backend/vendor/laravel/framework/src/Illuminate/Foundation/Testing/RefreshDatabase.php:84
/home/leonardo/Trabajos/Inventra/inventra-app-backend/vendor/laravel/framework/src/Illuminate/Foundation/Testing/RefreshDatabase.php:25
/home/leonardo/Trabajos/Inventra/inventra-app-backend/vendor/laravel/framework/src/Illuminate/Foundation/Testing/Concerns/InteractsWithTestCaseLifecycle.php:217
/home/leonardo/Trabajos/Inventra/inventra-app-backend/vendor/laravel/framework/src/Illuminate/Foundation/Testing/Concerns/InteractsWithTestCaseLifecycle.php:101
/home/leonardo/Trabajos/Inventra/inventra-app-backend/vendor/laravel/framework/src/Illuminate/Foundation/Testing/TestCase.php:63
/home/leonardo/Trabajos/Inventra/inventra-app-backend/tests/Feature/RbacTest.php:20

Caused by
PDOException: SQLSTATE[HY000]: General error: 1 unrecognized token: ":"

/home/leonardo/Trabajos/Inventra/inventra-app-backend/vendor/laravel/framework/src/Illuminate/Database/Connection.php:578
/home/leonardo/Trabajos/Inventra/inventra-app-backend/vendor/laravel/framework/src/Illuminate/Database/Connection.php:827
/home/leonardo/Trabajos/Inventra/inventra-app-backend/vendor/laravel/framework/src/Illuminate/Database/Connection.php:794
/home/leonardo/Trabajos/Inventra/inventra-app-backend/vendor/laravel/framework/src/Illuminate/Database/Connection.php:573
/home/leonardo/Trabajos/Inventra/inventra-app-backend/vendor/laravel/framework/src/Illuminate/Database/DatabaseManager.php:491
/home/leonardo/Trabajos/Inventra/inventra-app-backend/vendor/laravel/framework/src/Illuminate/Support/Facades/Facade.php:363
/home/leonardo/Trabajos/Inventra/inventra-app-backend/database/migrations/2026_03_17_150933_create_agent_types_table.php:30
/home/leonardo/Trabajos/Inventra/inventra-app-backend/vendor/laravel/framework/src/Illuminate/Database/Migrations/Migrator.php:517
/home/leonardo/Trabajos/Inventra/inventra-app-backend/vendor/laravel/framework/src/Illuminate/Database/Migrations/Migrator.php:442
/home/leonardo/Trabajos/Inventra/inventra-app-backend/vendor/laravel/framework/src/Illuminate/Database/Migrations/Migrator.php:451
/home/leonardo/Trabajos/Inventra/inventra-app-backend/vendor/laravel/framework/src/Illuminate/Database/Migrations/Migrator.php:253
/home/leonardo/Trabajos/Inventra/inventra-app-backend/vendor/laravel/framework/src/Illuminate/Console/View/Components/Task.php:41
/home/leonardo/Trabajos/Inventra/inventra-app-backend/vendor/laravel/framework/src/Illuminate/Database/Migrations/Migrator.php:814
/home/leonardo/Trabajos/Inventra/inventra-app-backend/vendor/laravel/framework/src/Illuminate/Database/Migrations/Migrator.php:253
/home/leonardo/Trabajos/Inventra/inventra-app-backend/vendor/laravel/framework/src/Illuminate/Database/Migrations/Migrator.php:211
/home/leonardo/Trabajos/Inventra/inventra-app-backend/vendor/laravel/framework/src/Illuminate/Database/Migrations/Migrator.php:138
/home/leonardo/Trabajos/Inventra/inventra-app-backend/vendor/laravel/framework/src/Illuminate/Database/Console/Migrations/MigrateCommand.php:116
/home/leonardo/Trabajos/Inventra/inventra-app-backend/vendor/laravel/framework/src/Illuminate/Database/Migrations/Migrator.php:671
/home/leonardo/Trabajos/Inventra/inventra-app-backend/vendor/laravel/framework/src/Illuminate/Database/Console/Migrations/MigrateCommand.php:109
/home/leonardo/Trabajos/Inventra/inventra-app-backend/vendor/laravel/framework/src/Illuminate/Database/Console/Migrations/MigrateCommand.php:88
/home/leonardo/Trabajos/Inventra/inventra-app-backend/vendor/laravel/framework/src/Illuminate/Container/BoundMethod.php:36
/home/leonardo/Trabajos/Inventra/inventra-app-backend/vendor/laravel/framework/src/Illuminate/Container/Util.php:43
/home/leonardo/Trabajos/Inventra/inventra-app-backend/vendor/laravel/framework/src/Illuminate/Container/BoundMethod.php:96
/home/leonardo/Trabajos/Inventra/inventra-app-backend/vendor/laravel/framework/src/Illuminate/Container/BoundMethod.php:35
/home/leonardo/Trabajos/Inventra/inventra-app-backend/vendor/laravel/framework/src/Illuminate/Container/Container.php:799
/home/leonardo/Trabajos/Inventra/inventra-app-backend/vendor/laravel/framework/src/Illuminate/Console/Command.php:211
/home/leonardo/Trabajos/Inventra/inventra-app-backend/vendor/symfony/console/Command/Command.php:341
/home/leonardo/Trabajos/Inventra/inventra-app-backend/vendor/laravel/framework/src/Illuminate/Console/Command.php:180
/home/leonardo/Trabajos/Inventra/inventra-app-backend/vendor/laravel/framework/src/Illuminate/Console/Concerns/CallsCommands.php:68
/home/leonardo/Trabajos/Inventra/inventra-app-backend/vendor/laravel/framework/src/Illuminate/Console/Concerns/CallsCommands.php:29
/home/leonardo/Trabajos/Inventra/inventra-app-backend/vendor/laravel/framework/src/Illuminate/Database/Console/Migrations/FreshCommand.php:88
/home/leonardo/Trabajos/Inventra/inventra-app-backend/vendor/laravel/framework/src/Illuminate/Container/BoundMethod.php:36
/home/leonardo/Trabajos/Inventra/inventra-app-backend/vendor/laravel/framework/src/Illuminate/Container/Util.php:43
/home/leonardo/Trabajos/Inventra/inventra-app-backend/vendor/laravel/framework/src/Illuminate/Container/BoundMethod.php:96
/home/leonardo/Trabajos/Inventra/inventra-app-backend/vendor/laravel/framework/src/Illuminate/Container/BoundMethod.php:35
/home/leonardo/Trabajos/Inventra/inventra-app-backend/vendor/laravel/framework/src/Illuminate/Container/Container.php:799
/home/leonardo/Trabajos/Inventra/inventra-app-backend/vendor/laravel/framework/src/Illuminate/Console/Command.php:211
/home/leonardo/Trabajos/Inventra/inventra-app-backend/vendor/symfony/console/Command/Command.php:341
/home/leonardo/Trabajos/Inventra/inventra-app-backend/vendor/laravel/framework/src/Illuminate/Console/Command.php:180
/home/leonardo/Trabajos/Inventra/inventra-app-backend/vendor/symfony/console/Application.php:1094
/home/leonardo/Trabajos/Inventra/inventra-app-backend/vendor/symfony/console/Application.php:356
/home/leonardo/Trabajos/Inventra/inventra-app-backend/vendor/symfony/console/Application.php:195
/home/leonardo/Trabajos/Inventra/inventra-app-backend/vendor/laravel/framework/src/Illuminate/Console/Application.php:165
/home/leonardo/Trabajos/Inventra/inventra-app-backend/vendor/laravel/framework/src/Illuminate/Foundation/Console/Kernel.php:447
/home/leonardo/Trabajos/Inventra/inventra-app-backend/vendor/laravel/framework/src/Illuminate/Testing/PendingCommand.php:451
/home/leonardo/Trabajos/Inventra/inventra-app-backend/vendor/laravel/framework/src/Illuminate/Testing/PendingCommand.php:675
/home/leonardo/Trabajos/Inventra/inventra-app-backend/vendor/laravel/framework/src/Illuminate/Foundation/Testing/Concerns/InteractsWithConsole.php:87
/home/leonardo/Trabajos/Inventra/inventra-app-backend/vendor/laravel/framework/src/Illuminate/Foundation/Testing/RefreshDatabase.php:119
/home/leonardo/Trabajos/Inventra/inventra-app-backend/vendor/laravel/framework/src/Illuminate/Foundation/Testing/RefreshDatabase.php:84
/home/leonardo/Trabajos/Inventra/inventra-app-backend/vendor/laravel/framework/src/Illuminate/Foundation/Testing/RefreshDatabase.php:25
/home/leonardo/Trabajos/Inventra/inventra-app-backend/vendor/laravel/framework/src/Illuminate/Foundation/Testing/Concerns/InteractsWithTestCaseLifecycle.php:217
/home/leonardo/Trabajos/Inventra/inventra-app-backend/vendor/laravel/framework/src/Illuminate/Foundation/Testing/Concerns/InteractsWithTestCaseLifecycle.php:101
/home/leonardo/Trabajos/Inventra/inventra-app-backend/vendor/laravel/framework/src/Illuminate/Foundation/Testing/TestCase.php:63
/home/leonardo/Trabajos/Inventra/inventra-app-backend/tests/Feature/RbacTest.php:20

5) Tests\Feature\RbacTest::middleware_allows_authorized_users
Illuminate\Database\QueryException: SQLSTATE[HY000]: General error: 1 unrecognized token: ":" (Connection: sqlite, Database: :memory:, SQL: UPDATE referral_agents SET agent_type_id = type::varchar)

/home/leonardo/Trabajos/Inventra/inventra-app-backend/vendor/laravel/framework/src/Illuminate/Database/Connection.php:838
/home/leonardo/Trabajos/Inventra/inventra-app-backend/vendor/laravel/framework/src/Illuminate/Database/Connection.php:794
/home/leonardo/Trabajos/Inventra/inventra-app-backend/vendor/laravel/framework/src/Illuminate/Database/Connection.php:573
/home/leonardo/Trabajos/Inventra/inventra-app-backend/vendor/laravel/framework/src/Illuminate/Database/DatabaseManager.php:491
/home/leonardo/Trabajos/Inventra/inventra-app-backend/vendor/laravel/framework/src/Illuminate/Support/Facades/Facade.php:363
/home/leonardo/Trabajos/Inventra/inventra-app-backend/database/migrations/2026_03_17_150933_create_agent_types_table.php:30
/home/leonardo/Trabajos/Inventra/inventra-app-backend/vendor/laravel/framework/src/Illuminate/Database/Migrations/Migrator.php:517
/home/leonardo/Trabajos/Inventra/inventra-app-backend/vendor/laravel/framework/src/Illuminate/Database/Migrations/Migrator.php:442
/home/leonardo/Trabajos/Inventra/inventra-app-backend/vendor/laravel/framework/src/Illuminate/Database/Migrations/Migrator.php:451
/home/leonardo/Trabajos/Inventra/inventra-app-backend/vendor/laravel/framework/src/Illuminate/Database/Migrations/Migrator.php:253
/home/leonardo/Trabajos/Inventra/inventra-app-backend/vendor/laravel/framework/src/Illuminate/Console/View/Components/Task.php:41
/home/leonardo/Trabajos/Inventra/inventra-app-backend/vendor/laravel/framework/src/Illuminate/Database/Migrations/Migrator.php:814
/home/leonardo/Trabajos/Inventra/inventra-app-backend/vendor/laravel/framework/src/Illuminate/Database/Migrations/Migrator.php:253
/home/leonardo/Trabajos/Inventra/inventra-app-backend/vendor/laravel/framework/src/Illuminate/Database/Migrations/Migrator.php:211
/home/leonardo/Trabajos/Inventra/inventra-app-backend/vendor/laravel/framework/src/Illuminate/Database/Migrations/Migrator.php:138
/home/leonardo/Trabajos/Inventra/inventra-app-backend/vendor/laravel/framework/src/Illuminate/Database/Console/Migrations/MigrateCommand.php:116
/home/leonardo/Trabajos/Inventra/inventra-app-backend/vendor/laravel/framework/src/Illuminate/Database/Migrations/Migrator.php:671
/home/leonardo/Trabajos/Inventra/inventra-app-backend/vendor/laravel/framework/src/Illuminate/Database/Console/Migrations/MigrateCommand.php:109
/home/leonardo/Trabajos/Inventra/inventra-app-backend/vendor/laravel/framework/src/Illuminate/Database/Console/Migrations/MigrateCommand.php:88
/home/leonardo/Trabajos/Inventra/inventra-app-backend/vendor/laravel/framework/src/Illuminate/Container/BoundMethod.php:36
/home/leonardo/Trabajos/Inventra/inventra-app-backend/vendor/laravel/framework/src/Illuminate/Container/Util.php:43
/home/leonardo/Trabajos/Inventra/inventra-app-backend/vendor/laravel/framework/src/Illuminate/Container/BoundMethod.php:96
/home/leonardo/Trabajos/Inventra/inventra-app-backend/vendor/laravel/framework/src/Illuminate/Container/BoundMethod.php:35
/home/leonardo/Trabajos/Inventra/inventra-app-backend/vendor/laravel/framework/src/Illuminate/Container/Container.php:799
/home/leonardo/Trabajos/Inventra/inventra-app-backend/vendor/laravel/framework/src/Illuminate/Console/Command.php:211
/home/leonardo/Trabajos/Inventra/inventra-app-backend/vendor/symfony/console/Command/Command.php:341
/home/leonardo/Trabajos/Inventra/inventra-app-backend/vendor/laravel/framework/src/Illuminate/Console/Command.php:180
/home/leonardo/Trabajos/Inventra/inventra-app-backend/vendor/laravel/framework/src/Illuminate/Console/Concerns/CallsCommands.php:68
/home/leonardo/Trabajos/Inventra/inventra-app-backend/vendor/laravel/framework/src/Illuminate/Console/Concerns/CallsCommands.php:29
/home/leonardo/Trabajos/Inventra/inventra-app-backend/vendor/laravel/framework/src/Illuminate/Database/Console/Migrations/FreshCommand.php:88
/home/leonardo/Trabajos/Inventra/inventra-app-backend/vendor/laravel/framework/src/Illuminate/Container/BoundMethod.php:36
/home/leonardo/Trabajos/Inventra/inventra-app-backend/vendor/laravel/framework/src/Illuminate/Container/Util.php:43
/home/leonardo/Trabajos/Inventra/inventra-app-backend/vendor/laravel/framework/src/Illuminate/Container/BoundMethod.php:96
/home/leonardo/Trabajos/Inventra/inventra-app-backend/vendor/laravel/framework/src/Illuminate/Container/BoundMethod.php:35
/home/leonardo/Trabajos/Inventra/inventra-app-backend/vendor/laravel/framework/src/Illuminate/Container/Container.php:799
/home/leonardo/Trabajos/Inventra/inventra-app-backend/vendor/laravel/framework/src/Illuminate/Console/Command.php:211
/home/leonardo/Trabajos/Inventra/inventra-app-backend/vendor/symfony/console/Command/Command.php:341
/home/leonardo/Trabajos/Inventra/inventra-app-backend/vendor/laravel/framework/src/Illuminate/Console/Command.php:180
/home/leonardo/Trabajos/Inventra/inventra-app-backend/vendor/symfony/console/Application.php:1094
/home/leonardo/Trabajos/Inventra/inventra-app-backend/vendor/symfony/console/Application.php:356
/home/leonardo/Trabajos/Inventra/inventra-app-backend/vendor/symfony/console/Application.php:195
/home/leonardo/Trabajos/Inventra/inventra-app-backend/vendor/laravel/framework/src/Illuminate/Console/Application.php:165
/home/leonardo/Trabajos/Inventra/inventra-app-backend/vendor/laravel/framework/src/Illuminate/Foundation/Console/Kernel.php:447
/home/leonardo/Trabajos/Inventra/inventra-app-backend/vendor/laravel/framework/src/Illuminate/Testing/PendingCommand.php:451
/home/leonardo/Trabajos/Inventra/inventra-app-backend/vendor/laravel/framework/src/Illuminate/Testing/PendingCommand.php:675
/home/leonardo/Trabajos/Inventra/inventra-app-backend/vendor/laravel/framework/src/Illuminate/Foundation/Testing/Concerns/InteractsWithConsole.php:87
/home/leonardo/Trabajos/Inventra/inventra-app-backend/vendor/laravel/framework/src/Illuminate/Foundation/Testing/RefreshDatabase.php:119
/home/leonardo/Trabajos/Inventra/inventra-app-backend/vendor/laravel/framework/src/Illuminate/Foundation/Testing/RefreshDatabase.php:84
/home/leonardo/Trabajos/Inventra/inventra-app-backend/vendor/laravel/framework/src/Illuminate/Foundation/Testing/RefreshDatabase.php:25
/home/leonardo/Trabajos/Inventra/inventra-app-backend/vendor/laravel/framework/src/Illuminate/Foundation/Testing/Concerns/InteractsWithTestCaseLifecycle.php:217
/home/leonardo/Trabajos/Inventra/inventra-app-backend/vendor/laravel/framework/src/Illuminate/Foundation/Testing/Concerns/InteractsWithTestCaseLifecycle.php:101
/home/leonardo/Trabajos/Inventra/inventra-app-backend/vendor/laravel/framework/src/Illuminate/Foundation/Testing/TestCase.php:63
/home/leonardo/Trabajos/Inventra/inventra-app-backend/tests/Feature/RbacTest.php:20

Caused by
PDOException: SQLSTATE[HY000]: General error: 1 unrecognized token: ":"

/home/leonardo/Trabajos/Inventra/inventra-app-backend/vendor/laravel/framework/src/Illuminate/Database/Connection.php:578
/home/leonardo/Trabajos/Inventra/inventra-app-backend/vendor/laravel/framework/src/Illuminate/Database/Connection.php:827
/home/leonardo/Trabajos/Inventra/inventra-app-backend/vendor/laravel/framework/src/Illuminate/Database/Connection.php:794
/home/leonardo/Trabajos/Inventra/inventra-app-backend/vendor/laravel/framework/src/Illuminate/Database/Connection.php:573
/home/leonardo/Trabajos/Inventra/inventra-app-backend/vendor/laravel/framework/src/Illuminate/Database/DatabaseManager.php:491
/home/leonardo/Trabajos/Inventra/inventra-app-backend/vendor/laravel/framework/src/Illuminate/Support/Facades/Facade.php:363
/home/leonardo/Trabajos/Inventra/inventra-app-backend/database/migrations/2026_03_17_150933_create_agent_types_table.php:30
/home/leonardo/Trabajos/Inventra/inventra-app-backend/vendor/laravel/framework/src/Illuminate/Database/Migrations/Migrator.php:517
/home/leonardo/Trabajos/Inventra/inventra-app-backend/vendor/laravel/framework/src/Illuminate/Database/Migrations/Migrator.php:442
/home/leonardo/Trabajos/Inventra/inventra-app-backend/vendor/laravel/framework/src/Illuminate/Database/Migrations/Migrator.php:451
/home/leonardo/Trabajos/Inventra/inventra-app-backend/vendor/laravel/framework/src/Illuminate/Database/Migrations/Migrator.php:253
/home/leonardo/Trabajos/Inventra/inventra-app-backend/vendor/laravel/framework/src/Illuminate/Console/View/Components/Task.php:41
/home/leonardo/Trabajos/Inventra/inventra-app-backend/vendor/laravel/framework/src/Illuminate/Database/Migrations/Migrator.php:814
/home/leonardo/Trabajos/Inventra/inventra-app-backend/vendor/laravel/framework/src/Illuminate/Database/Migrations/Migrator.php:253
/home/leonardo/Trabajos/Inventra/inventra-app-backend/vendor/laravel/framework/src/Illuminate/Database/Migrations/Migrator.php:211
/home/leonardo/Trabajos/Inventra/inventra-app-backend/vendor/laravel/framework/src/Illuminate/Database/Migrations/Migrator.php:138
/home/leonardo/Trabajos/Inventra/inventra-app-backend/vendor/laravel/framework/src/Illuminate/Database/Console/Migrations/MigrateCommand.php:116
/home/leonardo/Trabajos/Inventra/inventra-app-backend/vendor/laravel/framework/src/Illuminate/Database/Migrations/Migrator.php:671
/home/leonardo/Trabajos/Inventra/inventra-app-backend/vendor/laravel/framework/src/Illuminate/Database/Console/Migrations/MigrateCommand.php:109
/home/leonardo/Trabajos/Inventra/inventra-app-backend/vendor/laravel/framework/src/Illuminate/Database/Console/Migrations/MigrateCommand.php:88
/home/leonardo/Trabajos/Inventra/inventra-app-backend/vendor/laravel/framework/src/Illuminate/Container/BoundMethod.php:36
/home/leonardo/Trabajos/Inventra/inventra-app-backend/vendor/laravel/framework/src/Illuminate/Container/Util.php:43
/home/leonardo/Trabajos/Inventra/inventra-app-backend/vendor/laravel/framework/src/Illuminate/Container/BoundMethod.php:96
/home/leonardo/Trabajos/Inventra/inventra-app-backend/vendor/laravel/framework/src/Illuminate/Container/BoundMethod.php:35
/home/leonardo/Trabajos/Inventra/inventra-app-backend/vendor/laravel/framework/src/Illuminate/Container/Container.php:799
/home/leonardo/Trabajos/Inventra/inventra-app-backend/vendor/laravel/framework/src/Illuminate/Console/Command.php:211
/home/leonardo/Trabajos/Inventra/inventra-app-backend/vendor/symfony/console/Command/Command.php:341
/home/leonardo/Trabajos/Inventra/inventra-app-backend/vendor/laravel/framework/src/Illuminate/Console/Command.php:180
/home/leonardo/Trabajos/Inventra/inventra-app-backend/vendor/laravel/framework/src/Illuminate/Console/Concerns/CallsCommands.php:68
/home/leonardo/Trabajos/Inventra/inventra-app-backend/vendor/laravel/framework/src/Illuminate/Console/Concerns/CallsCommands.php:29
/home/leonardo/Trabajos/Inventra/inventra-app-backend/vendor/laravel/framework/src/Illuminate/Database/Console/Migrations/FreshCommand.php:88
/home/leonardo/Trabajos/Inventra/inventra-app-backend/vendor/laravel/framework/src/Illuminate/Container/BoundMethod.php:36
/home/leonardo/Trabajos/Inventra/inventra-app-backend/vendor/laravel/framework/src/Illuminate/Container/Util.php:43
/home/leonardo/Trabajos/Inventra/inventra-app-backend/vendor/laravel/framework/src/Illuminate/Container/BoundMethod.php:96
/home/leonardo/Trabajos/Inventra/inventra-app-backend/vendor/laravel/framework/src/Illuminate/Container/BoundMethod.php:35
/home/leonardo/Trabajos/Inventra/inventra-app-backend/vendor/laravel/framework/src/Illuminate/Container/Container.php:799
/home/leonardo/Trabajos/Inventra/inventra-app-backend/vendor/laravel/framework/src/Illuminate/Console/Command.php:211
/home/leonardo/Trabajos/Inventra/inventra-app-backend/vendor/symfony/console/Command/Command.php:341
/home/leonardo/Trabajos/Inventra/inventra-app-backend/vendor/laravel/framework/src/Illuminate/Console/Command.php:180
/home/leonardo/Trabajos/Inventra/inventra-app-backend/vendor/symfony/console/Application.php:1094
/home/leonardo/Trabajos/Inventra/inventra-app-backend/vendor/symfony/console/Application.php:356
/home/leonardo/Trabajos/Inventra/inventra-app-backend/vendor/symfony/console/Application.php:195
/home/leonardo/Trabajos/Inventra/inventra-app-backend/vendor/laravel/framework/src/Illuminate/Console/Application.php:165
/home/leonardo/Trabajos/Inventra/inventra-app-backend/vendor/laravel/framework/src/Illuminate/Foundation/Console/Kernel.php:447
/home/leonardo/Trabajos/Inventra/inventra-app-backend/vendor/laravel/framework/src/Illuminate/Testing/PendingCommand.php:451
/home/leonardo/Trabajos/Inventra/inventra-app-backend/vendor/laravel/framework/src/Illuminate/Testing/PendingCommand.php:675
/home/leonardo/Trabajos/Inventra/inventra-app-backend/vendor/laravel/framework/src/Illuminate/Foundation/Testing/Concerns/InteractsWithConsole.php:87
/home/leonardo/Trabajos/Inventra/inventra-app-backend/vendor/laravel/framework/src/Illuminate/Foundation/Testing/RefreshDatabase.php:119
/home/leonardo/Trabajos/Inventra/inventra-app-backend/vendor/laravel/framework/src/Illuminate/Foundation/Testing/RefreshDatabase.php:84
/home/leonardo/Trabajos/Inventra/inventra-app-backend/vendor/laravel/framework/src/Illuminate/Foundation/Testing/RefreshDatabase.php:25
/home/leonardo/Trabajos/Inventra/inventra-app-backend/vendor/laravel/framework/src/Illuminate/Foundation/Testing/Concerns/InteractsWithTestCaseLifecycle.php:217
/home/leonardo/Trabajos/Inventra/inventra-app-backend/vendor/laravel/framework/src/Illuminate/Foundation/Testing/Concerns/InteractsWithTestCaseLifecycle.php:101
/home/leonardo/Trabajos/Inventra/inventra-app-backend/vendor/laravel/framework/src/Illuminate/Foundation/Testing/TestCase.php:63
/home/leonardo/Trabajos/Inventra/inventra-app-backend/tests/Feature/RbacTest.php:20

6) Tests\Feature\RbacTest::user_is_cleared_from_cache_when_role_is_deleted
Illuminate\Database\QueryException: SQLSTATE[HY000]: General error: 1 unrecognized token: ":" (Connection: sqlite, Database: :memory:, SQL: UPDATE referral_agents SET agent_type_id = type::varchar)

/home/leonardo/Trabajos/Inventra/inventra-app-backend/vendor/laravel/framework/src/Illuminate/Database/Connection.php:838
/home/leonardo/Trabajos/Inventra/inventra-app-backend/vendor/laravel/framework/src/Illuminate/Database/Connection.php:794
/home/leonardo/Trabajos/Inventra/inventra-app-backend/vendor/laravel/framework/src/Illuminate/Database/Connection.php:573
/home/leonardo/Trabajos/Inventra/inventra-app-backend/vendor/laravel/framework/src/Illuminate/Database/DatabaseManager.php:491
/home/leonardo/Trabajos/Inventra/inventra-app-backend/vendor/laravel/framework/src/Illuminate/Support/Facades/Facade.php:363
/home/leonardo/Trabajos/Inventra/inventra-app-backend/database/migrations/2026_03_17_150933_create_agent_types_table.php:30
/home/leonardo/Trabajos/Inventra/inventra-app-backend/vendor/laravel/framework/src/Illuminate/Database/Migrations/Migrator.php:517
/home/leonardo/Trabajos/Inventra/inventra-app-backend/vendor/laravel/framework/src/Illuminate/Database/Migrations/Migrator.php:442
/home/leonardo/Trabajos/Inventra/inventra-app-backend/vendor/laravel/framework/src/Illuminate/Database/Migrations/Migrator.php:451
/home/leonardo/Trabajos/Inventra/inventra-app-backend/vendor/laravel/framework/src/Illuminate/Database/Migrations/Migrator.php:253
/home/leonardo/Trabajos/Inventra/inventra-app-backend/vendor/laravel/framework/src/Illuminate/Console/View/Components/Task.php:41
/home/leonardo/Trabajos/Inventra/inventra-app-backend/vendor/laravel/framework/src/Illuminate/Database/Migrations/Migrator.php:814
/home/leonardo/Trabajos/Inventra/inventra-app-backend/vendor/laravel/framework/src/Illuminate/Database/Migrations/Migrator.php:253
/home/leonardo/Trabajos/Inventra/inventra-app-backend/vendor/laravel/framework/src/Illuminate/Database/Migrations/Migrator.php:211
/home/leonardo/Trabajos/Inventra/inventra-app-backend/vendor/laravel/framework/src/Illuminate/Database/Migrations/Migrator.php:138
/home/leonardo/Trabajos/Inventra/inventra-app-backend/vendor/laravel/framework/src/Illuminate/Database/Console/Migrations/MigrateCommand.php:116
/home/leonardo/Trabajos/Inventra/inventra-app-backend/vendor/laravel/framework/src/Illuminate/Database/Migrations/Migrator.php:671
/home/leonardo/Trabajos/Inventra/inventra-app-backend/vendor/laravel/framework/src/Illuminate/Database/Console/Migrations/MigrateCommand.php:109
/home/leonardo/Trabajos/Inventra/inventra-app-backend/vendor/laravel/framework/src/Illuminate/Database/Console/Migrations/MigrateCommand.php:88
/home/leonardo/Trabajos/Inventra/inventra-app-backend/vendor/laravel/framework/src/Illuminate/Container/BoundMethod.php:36
/home/leonardo/Trabajos/Inventra/inventra-app-backend/vendor/laravel/framework/src/Illuminate/Container/Util.php:43
/home/leonardo/Trabajos/Inventra/inventra-app-backend/vendor/laravel/framework/src/Illuminate/Container/BoundMethod.php:96
/home/leonardo/Trabajos/Inventra/inventra-app-backend/vendor/laravel/framework/src/Illuminate/Container/BoundMethod.php:35
/home/leonardo/Trabajos/Inventra/inventra-app-backend/vendor/laravel/framework/src/Illuminate/Container/Container.php:799
/home/leonardo/Trabajos/Inventra/inventra-app-backend/vendor/laravel/framework/src/Illuminate/Console/Command.php:211
/home/leonardo/Trabajos/Inventra/inventra-app-backend/vendor/symfony/console/Command/Command.php:341
/home/leonardo/Trabajos/Inventra/inventra-app-backend/vendor/laravel/framework/src/Illuminate/Console/Command.php:180
/home/leonardo/Trabajos/Inventra/inventra-app-backend/vendor/laravel/framework/src/Illuminate/Console/Concerns/CallsCommands.php:68
/home/leonardo/Trabajos/Inventra/inventra-app-backend/vendor/laravel/framework/src/Illuminate/Console/Concerns/CallsCommands.php:29
/home/leonardo/Trabajos/Inventra/inventra-app-backend/vendor/laravel/framework/src/Illuminate/Database/Console/Migrations/FreshCommand.php:88
/home/leonardo/Trabajos/Inventra/inventra-app-backend/vendor/laravel/framework/src/Illuminate/Container/BoundMethod.php:36
/home/leonardo/Trabajos/Inventra/inventra-app-backend/vendor/laravel/framework/src/Illuminate/Container/Util.php:43
/home/leonardo/Trabajos/Inventra/inventra-app-backend/vendor/laravel/framework/src/Illuminate/Container/BoundMethod.php:96
/home/leonardo/Trabajos/Inventra/inventra-app-backend/vendor/laravel/framework/src/Illuminate/Container/BoundMethod.php:35
/home/leonardo/Trabajos/Inventra/inventra-app-backend/vendor/laravel/framework/src/Illuminate/Container/Container.php:799
/home/leonardo/Trabajos/Inventra/inventra-app-backend/vendor/laravel/framework/src/Illuminate/Console/Command.php:211
/home/leonardo/Trabajos/Inventra/inventra-app-backend/vendor/symfony/console/Command/Command.php:341
/home/leonardo/Trabajos/Inventra/inventra-app-backend/vendor/laravel/framework/src/Illuminate/Console/Command.php:180
/home/leonardo/Trabajos/Inventra/inventra-app-backend/vendor/symfony/console/Application.php:1094
/home/leonardo/Trabajos/Inventra/inventra-app-backend/vendor/symfony/console/Application.php:356
/home/leonardo/Trabajos/Inventra/inventra-app-backend/vendor/symfony/console/Application.php:195
/home/leonardo/Trabajos/Inventra/inventra-app-backend/vendor/laravel/framework/src/Illuminate/Console/Application.php:165
/home/leonardo/Trabajos/Inventra/inventra-app-backend/vendor/laravel/framework/src/Illuminate/Foundation/Console/Kernel.php:447
/home/leonardo/Trabajos/Inventra/inventra-app-backend/vendor/laravel/framework/src/Illuminate/Testing/PendingCommand.php:451
/home/leonardo/Trabajos/Inventra/inventra-app-backend/vendor/laravel/framework/src/Illuminate/Testing/PendingCommand.php:675
/home/leonardo/Trabajos/Inventra/inventra-app-backend/vendor/laravel/framework/src/Illuminate/Foundation/Testing/Concerns/InteractsWithConsole.php:87
/home/leonardo/Trabajos/Inventra/inventra-app-backend/vendor/laravel/framework/src/Illuminate/Foundation/Testing/RefreshDatabase.php:119
/home/leonardo/Trabajos/Inventra/inventra-app-backend/vendor/laravel/framework/src/Illuminate/Foundation/Testing/RefreshDatabase.php:84
/home/leonardo/Trabajos/Inventra/inventra-app-backend/vendor/laravel/framework/src/Illuminate/Foundation/Testing/RefreshDatabase.php:25
/home/leonardo/Trabajos/Inventra/inventra-app-backend/vendor/laravel/framework/src/Illuminate/Foundation/Testing/Concerns/InteractsWithTestCaseLifecycle.php:217
/home/leonardo/Trabajos/Inventra/inventra-app-backend/vendor/laravel/framework/src/Illuminate/Foundation/Testing/Concerns/InteractsWithTestCaseLifecycle.php:101
/home/leonardo/Trabajos/Inventra/inventra-app-backend/vendor/laravel/framework/src/Illuminate/Foundation/Testing/TestCase.php:63
/home/leonardo/Trabajos/Inventra/inventra-app-backend/tests/Feature/RbacTest.php:20

Caused by
PDOException: SQLSTATE[HY000]: General error: 1 unrecognized token: ":"

/home/leonardo/Trabajos/Inventra/inventra-app-backend/vendor/laravel/framework/src/Illuminate/Database/Connection.php:578
/home/leonardo/Trabajos/Inventra/inventra-app-backend/vendor/laravel/framework/src/Illuminate/Database/Connection.php:827
/home/leonardo/Trabajos/Inventra/inventra-app-backend/vendor/laravel/framework/src/Illuminate/Database/Connection.php:794
/home/leonardo/Trabajos/Inventra/inventra-app-backend/vendor/laravel/framework/src/Illuminate/Database/Connection.php:573
/home/leonardo/Trabajos/Inventra/inventra-app-backend/vendor/laravel/framework/src/Illuminate/Database/DatabaseManager.php:491
/home/leonardo/Trabajos/Inventra/inventra-app-backend/vendor/laravel/framework/src/Illuminate/Support/Facades/Facade.php:363
/home/leonardo/Trabajos/Inventra/inventra-app-backend/database/migrations/2026_03_17_150933_create_agent_types_table.php:30
/home/leonardo/Trabajos/Inventra/inventra-app-backend/vendor/laravel/framework/src/Illuminate/Database/Migrations/Migrator.php:517
/home/leonardo/Trabajos/Inventra/inventra-app-backend/vendor/laravel/framework/src/Illuminate/Database/Migrations/Migrator.php:442
/home/leonardo/Trabajos/Inventra/inventra-app-backend/vendor/laravel/framework/src/Illuminate/Database/Migrations/Migrator.php:451
/home/leonardo/Trabajos/Inventra/inventra-app-backend/vendor/laravel/framework/src/Illuminate/Database/Migrations/Migrator.php:253
/home/leonardo/Trabajos/Inventra/inventra-app-backend/vendor/laravel/framework/src/Illuminate/Console/View/Components/Task.php:41
/home/leonardo/Trabajos/Inventra/inventra-app-backend/vendor/laravel/framework/src/Illuminate/Database/Migrations/Migrator.php:814
/home/leonardo/Trabajos/Inventra/inventra-app-backend/vendor/laravel/framework/src/Illuminate/Database/Migrations/Migrator.php:253
/home/leonardo/Trabajos/Inventra/inventra-app-backend/vendor/laravel/framework/src/Illuminate/Database/Migrations/Migrator.php:211
/home/leonardo/Trabajos/Inventra/inventra-app-backend/vendor/laravel/framework/src/Illuminate/Database/Migrations/Migrator.php:138
/home/leonardo/Trabajos/Inventra/inventra-app-backend/vendor/laravel/framework/src/Illuminate/Database/Console/Migrations/MigrateCommand.php:116
/home/leonardo/Trabajos/Inventra/inventra-app-backend/vendor/laravel/framework/src/Illuminate/Database/Migrations/Migrator.php:671
/home/leonardo/Trabajos/Inventra/inventra-app-backend/vendor/laravel/framework/src/Illuminate/Database/Console/Migrations/MigrateCommand.php:109
/home/leonardo/Trabajos/Inventra/inventra-app-backend/vendor/laravel/framework/src/Illuminate/Database/Console/Migrations/MigrateCommand.php:88
/home/leonardo/Trabajos/Inventra/inventra-app-backend/vendor/laravel/framework/src/Illuminate/Container/BoundMethod.php:36
/home/leonardo/Trabajos/Inventra/inventra-app-backend/vendor/laravel/framework/src/Illuminate/Container/Util.php:43
/home/leonardo/Trabajos/Inventra/inventra-app-backend/vendor/laravel/framework/src/Illuminate/Container/BoundMethod.php:96
/home/leonardo/Trabajos/Inventra/inventra-app-backend/vendor/laravel/framework/src/Illuminate/Container/BoundMethod.php:35
/home/leonardo/Trabajos/Inventra/inventra-app-backend/vendor/laravel/framework/src/Illuminate/Container/Container.php:799
/home/leonardo/Trabajos/Inventra/inventra-app-backend/vendor/laravel/framework/src/Illuminate/Console/Command.php:211
/home/leonardo/Trabajos/Inventra/inventra-app-backend/vendor/symfony/console/Command/Command.php:341
/home/leonardo/Trabajos/Inventra/inventra-app-backend/vendor/laravel/framework/src/Illuminate/Console/Command.php:180
/home/leonardo/Trabajos/Inventra/inventra-app-backend/vendor/laravel/framework/src/Illuminate/Console/Concerns/CallsCommands.php:68
/home/leonardo/Trabajos/Inventra/inventra-app-backend/vendor/laravel/framework/src/Illuminate/Console/Concerns/CallsCommands.php:29
/home/leonardo/Trabajos/Inventra/inventra-app-backend/vendor/laravel/framework/src/Illuminate/Database/Console/Migrations/FreshCommand.php:88
/home/leonardo/Trabajos/Inventra/inventra-app-backend/vendor/laravel/framework/src/Illuminate/Container/BoundMethod.php:36
/home/leonardo/Trabajos/Inventra/inventra-app-backend/vendor/laravel/framework/src/Illuminate/Container/Util.php:43
/home/leonardo/Trabajos/Inventra/inventra-app-backend/vendor/laravel/framework/src/Illuminate/Container/BoundMethod.php:96
/home/leonardo/Trabajos/Inventra/inventra-app-backend/vendor/laravel/framework/src/Illuminate/Container/BoundMethod.php:35
/home/leonardo/Trabajos/Inventra/inventra-app-backend/vendor/laravel/framework/src/Illuminate/Container/Container.php:799
/home/leonardo/Trabajos/Inventra/inventra-app-backend/vendor/laravel/framework/src/Illuminate/Console/Command.php:211
/home/leonardo/Trabajos/Inventra/inventra-app-backend/vendor/symfony/console/Command/Command.php:341
/home/leonardo/Trabajos/Inventra/inventra-app-backend/vendor/laravel/framework/src/Illuminate/Console/Command.php:180
/home/leonardo/Trabajos/Inventra/inventra-app-backend/vendor/symfony/console/Application.php:1094
/home/leonardo/Trabajos/Inventra/inventra-app-backend/vendor/symfony/console/Application.php:356
/home/leonardo/Trabajos/Inventra/inventra-app-backend/vendor/symfony/console/Application.php:195
/home/leonardo/Trabajos/Inventra/inventra-app-backend/vendor/laravel/framework/src/Illuminate/Console/Application.php:165
/home/leonardo/Trabajos/Inventra/inventra-app-backend/vendor/laravel/framework/src/Illuminate/Foundation/Console/Kernel.php:447
/home/leonardo/Trabajos/Inventra/inventra-app-backend/vendor/laravel/framework/src/Illuminate/Testing/PendingCommand.php:451
/home/leonardo/Trabajos/Inventra/inventra-app-backend/vendor/laravel/framework/src/Illuminate/Testing/PendingCommand.php:675
/home/leonardo/Trabajos/Inventra/inventra-app-backend/vendor/laravel/framework/src/Illuminate/Foundation/Testing/Concerns/InteractsWithConsole.php:87
/home/leonardo/Trabajos/Inventra/inventra-app-backend/vendor/laravel/framework/src/Illuminate/Foundation/Testing/RefreshDatabase.php:119
/home/leonardo/Trabajos/Inventra/inventra-app-backend/vendor/laravel/framework/src/Illuminate/Foundation/Testing/RefreshDatabase.php:84
/home/leonardo/Trabajos/Inventra/inventra-app-backend/vendor/laravel/framework/src/Illuminate/Foundation/Testing/RefreshDatabase.php:25
/home/leonardo/Trabajos/Inventra/inventra-app-backend/vendor/laravel/framework/src/Illuminate/Foundation/Testing/Concerns/InteractsWithTestCaseLifecycle.php:217
/home/leonardo/Trabajos/Inventra/inventra-app-backend/vendor/laravel/framework/src/Illuminate/Foundation/Testing/Concerns/InteractsWithTestCaseLifecycle.php:101
/home/leonardo/Trabajos/Inventra/inventra-app-backend/vendor/laravel/framework/src/Illuminate/Foundation/Testing/TestCase.php:63
/home/leonardo/Trabajos/Inventra/inventra-app-backend/tests/Feature/RbacTest.php:20

ERRORS!
Tests: 6, Assertions: 0, Errors: 6, PHPUnit Deprecations: 6.
